<testsuites id="" name="" tests="6" failures="1" skipped="0" errors="0" time="132.863">
<testsuite name="fullDeleteAccountUIFlow.spec.mjs" timestamp="1658230204296" hostname="" tests="6" failures="1" skipped="0" time="132.018" errors="0">
<testcase name="test my tests create new account" classname="[chromium] › fullDeleteAccountUIFlow.spec.mjs:34:5 › test my tests › create new account" time="17.143">
<system-out>
<![CDATA[new account name: QA-Sem1658230205
new user email: QA-Sem@1658230205.com
]]>
</system-out>
</testcase>
<testcase name="test my tests sample sandbox launcher contain three samples" classname="[chromium] › fullDeleteAccountUIFlow.spec.mjs:40:5 › test my tests › sample sandbox launcher contain three samples" time="0.231">
</testcase>
<testcase name="test my tests start sample sandbox from &quot;sample sandbox launcher&quot;" classname="[chromium] › fullDeleteAccountUIFlow.spec.mjs:44:5 › test my tests › start sample sandbox from &quot;sample sandbox launcher&quot;" time="71.729">
<system-out>
<![CDATA[found Completed prepare
found Completed prepare
found Completed prepare
found Completed install
found Completed apply
found Completed apply
]]>
</system-out>
</testcase>
<testcase name="test my tests FailDeleteAccountWithSandbox" classname="[chromium] › fullDeleteAccountUIFlow.spec.mjs:51:5 › test my tests › FailDeleteAccountWithSandbox" time="3.831">
</testcase>
<testcase name="test my tests End launched sample sandbox" classname="[chromium] › fullDeleteAccountUIFlow.spec.mjs:58:5 › test my tests › End launched sample sandbox" time="22.123">
<system-out>
<![CDATA[found Completed destroy
found Completed destroy
found Completed uninstall
]]>
</system-out>
</testcase>
<testcase name="test my tests Delete Account" classname="[chromium] › fullDeleteAccountUIFlow.spec.mjs:66:5 › test my tests › Delete Account" time="16.961">
<failure message="fullDeleteAccountUIFlow.spec.mjs:66:5 Delete Account" type="FAILURE">
<![CDATA[  [chromium] › fullDeleteAccountUIFlow.spec.mjs:66:5 › test my tests › Delete Account ==============

    Error: Back option should navigate to sign up page

    Expected string: "Sign"
    Received string: ""
    Call log:
      - expect.toContainText with timeout 10000ms
      - waiting for selector "[data-test="signup-with-email"]"


        at captureStackTrace (C:\Work\qa-automation\node_modules\@playwright\test\lib\util.js:98:56)
        at Proxy.<anonymous> (C:\Work\qa-automation\node_modules\@playwright\test\lib\expect.js:166:54)
        at ValidteBackButtonAfterDelition (file:///C:/Work/qa-automation/tests/functions/accounts.mjs:146:73)
        at file:///C:/Work/qa-automation/tests/fullDeleteAccountUIFlow.spec.mjs:70:9
        at C:\Work\qa-automation\node_modules\@playwright\test\lib\workerRunner.js:388:9
        at TestInfoImpl._runFn (C:\Work\qa-automation\node_modules\@playwright\test\lib\testInfo.js:166:7)
        at C:\Work\qa-automation\node_modules\@playwright\test\lib\workerRunner.js:344:26
        at TimeoutManager.runWithTimeout (C:\Work\qa-automation\node_modules\@playwright\test\lib\timeoutManager.js:70:7)
        at TestInfoImpl._runWithTimeout (C:\Work\qa-automation\node_modules\@playwright\test\lib\testInfo.js:154:26)
        at WorkerRunner._runTest (C:\Work\qa-automation\node_modules\@playwright\test\lib\workerRunner.js:326:5)
        at WorkerRunner.runTestGroup (C:\Work\qa-automation\node_modules\@playwright\test\lib\workerRunner.js:195:11)
        at process.<anonymous> (C:\Work\qa-automation\node_modules\@playwright\test\lib\worker.js:87:5)

    attachment #1: trace (application/zip) ---------------------------------------------------------
    test-results\fullDeleteAccountUIFlow-test-my-tests-Delete-Account-chromium\trace.zip
    Usage:

        npx playwright show-trace test-results\fullDeleteAccountUIFlow-test-my-tests-Delete-Account-chromium\trace.zip

    ------------------------------------------------------------------------------------------------
]]>
</failure>
<system-out>
<![CDATA[
[[ATTACHMENT|..\test-results\fullDeleteAccountUIFlow-test-my-tests-Delete-Account-chromium\trace.zip]]
]]>
</system-out>
</testcase>
</testsuite>
</testsuites>